{
  "Id": 8,
  "IsActive": false,
  "CustomerName": "Dexter",
  "Balance": 0.0
}
