{
  "Id": 2,
  "IsActive": false,
  "CustomerName": "Dexter",
  "Balance": 0.0
}
