{
  "Id": 23,
  "IsActive": false,
  "CustomerName": "Dougal",
  "Balance": 0.0
}
