{
  "Id": 20,
  "IsActive": false,
  "CustomerName": "Fred",
  "Balance": 0.0
}
