{
  "Id": 1,
  "IsActive": false,
  "CustomerName": "Fred1",
  "Balance": 0.0
}
