{
  "Id": 11,
  "IsActive": false,
  "CustomerName": "Fergus",
  "Balance": 0.0
}
